// Jest Snapshot v1, https://goo.gl/fbAQLP

exports[`Testing componente <SearchScreen /> should match snapshot with default values 1`] = `
<div>
  <h1>
    Search Screen
  </h1>
  <hr />
  <div
    className="row"
  >
    <div
      className="col-5"
    >
      <h4>
        Search Form
      </h4>
      <hr />
      <form
        className="d-grid gap-2"
        onSubmit={[Function]}
      >
        <input
          autoComplete="off"
          className="form-control"
          name="input"
          onChange={[Function]}
          placeholder="Find your hero"
          type="text"
          value=""
        />
        <button
          className="btn btn-outline-info mt-3"
        >
          Search
        </button>
      </form>
    </div>
    <div
      className="col-7"
    >
      <h4>
        Results
      </h4>
      <hr />
      <div
        className="alert alert-info"
      >
        Seach a hero
      </div>
    </div>
  </div>
</div>
`;
